main.c:96:5:main	24	static
main.c:175:6:SystemClock_Config	88	static
main.c:220:13:MX_TIM1_Init	56	static
main.c:270:13:MX_TIM2_Init	32	static
main.c:315:13:MX_TIM3_Init	64	static
main.c:374:13:MX_TIM4_Init	48	static
main.c:423:13:MX_USART2_UART_Init	8	static
main.c:456:13:MX_GPIO_Init	48	static
main.c:500:7:EncoderVelocity_Update	56	static
main.c:542:6:pid	4	static
main.c:560:6:HAL_TIM_PeriodElapsedCallback	16	static
main.c:567:10:micros	12	static
main.c:578:6:Error_Handler	4	static,ignoring_inline_asm
