main.c:101:5:main	8	static
main.c:158:6:SystemClock_Config	88	static
main.c:203:13:MX_TIM1_Init	56	static
main.c:253:13:MX_TIM2_Init	32	static
main.c:298:13:MX_TIM3_Init	32	static
main.c:343:13:MX_TIM4_Init	48	static
main.c:392:13:MX_USART2_UART_Init	8	static
main.c:425:13:MX_GPIO_Init	48	static
main.c:469:7:EncoderVelocity_Update	48	static
main.c:489:6:pid	8	static
main.c:526:6:kalmanfilter	24	static
main.c:550:6:planning	24	static
main.c:568:6:HAL_TIM_PeriodElapsedCallback	24	static
main.c:581:10:micros	12	static
main.c:592:6:Error_Handler	4	static,ignoring_inline_asm
